../Core/Src/main.c:90:5:main	40	static
../Core/Src/main.c:314:6:SystemClock_Config	88	static
../Core/Src/main.c:364:13:MX_I2C1_Init	8	static
../Core/Src/main.c:398:13:MX_RTC_Init	32	static
../Core/Src/main.c:461:13:MX_TIM2_Init	64	static
../Core/Src/main.c:520:13:MX_USART1_UART_Init	8	static
../Core/Src/main.c:553:13:MX_USART2_UART_Init	8	static
../Core/Src/main.c:586:13:MX_GPIO_Init	48	static
../Core/Src/main.c:631:6:GSM_SendSMS	72	static
../Core/Src/main.c:648:6:GSM_MakeCall	72	static
../Core/Src/main.c:656:6:GSM_HangUp	8	static
../Core/Src/main.c:665:6:Error_Handler	4	static,ignoring_inline_asm
